// Jest Snapshot v1, https://goo.gl/fbAQLP

exports[`Button Component renders correctly 1`] = `
<styled.div>
  <styled.div>
    Manage your jekyll site on GitHub with ease. 
  </styled.div>
  <styled.div>
    <Connect(FormLogin) />
  </styled.div>
</styled.div>
`;
