// Jest Snapshot v1, https://goo.gl/fbAQLP

exports[`Button Component renders correctly 1`] = `
.c0 {
  color: white;
  font-weight: bold;
  background: transparent;
  border: none;
  outline: 0;
  border-bottom: 2px solid #4fe6c4;
  padding: 0.4rem 1px;
  -webkit-transition: all 0.2s;
  transition: all 0.2s;
  opacity: 0.65;
}

.c0:focus {
  opacity: 1;
}

<input
  className="c0"
/>
`;
